This is pdfTeX, Version 3.141592653-2.6-1.40.29 (TeX Live 2026) (preloaded format=pdflatex 2026.4.21)  18 MAY 2026 21:43
entering extended mode
 restricted \write18 enabled.
 %&-line parsing enabled.
**main.tex
(./main.tex
LaTeX2e <2025-11-01>
L3 programming layer <2026-03-20>
(c:/texlive/2026/texmf-dist/tex/latex/ieeetran/IEEEtran.cls
Document Class: IEEEtran 2015/08/26 V1.8b by Michael Shell
-- See the "IEEEtran_HOWTO" manual for usage information.
-- http://www.michaelshell.org/tex/ieeetran/
\@IEEEtrantmpdimenA=\dimen150
\@IEEEtrantmpdimenB=\dimen151
\@IEEEtrantmpdimenC=\dimen152
\@IEEEtrantmpcountA=\count275
\@IEEEtrantmpcountB=\count276
\@IEEEtrantmpcountC=\count277
\@IEEEtrantmptoksA=\toks17
LaTeX Font Info:    Trying to load font information for OT1+ptm on input line 5
03.
(c:/texlive/2026/texmf-dist/tex/latex/psnfss/ot1ptm.fd
File: ot1ptm.fd 2001/06/04 font definitions for OT1/ptm.
)
-- Using 8.5in x 11in (letter) paper.
-- Using PDF output.
\@IEEEnormalsizeunitybaselineskip=\dimen153
-- This is a 10 point document.
LaTeX Encoding Info:    Redeclaring text command \textunderscore (encoding ?) o
n input line 937.
\CLASSINFOnormalsizebaselineskip=\dimen154
\CLASSINFOnormalsizeunitybaselineskip=\dimen155
\IEEEnormaljot=\dimen156
LaTeX Font Info:    Font shape `OT1/ptm/bx/n' in size <5> not available
(Font)              Font shape `OT1/ptm/b/n' tried instead on input line 1090.
LaTeX Font Info:    Font shape `OT1/ptm/bx/it' in size <5> not available
(Font)              Font shape `OT1/ptm/b/it' tried instead on input line 1090.

LaTeX Font Info:    Font shape `OT1/ptm/bx/n' in size <7> not available
(Font)              Font shape `OT1/ptm/b/n' tried instead on input line 1090.
LaTeX Font Info:    Font shape `OT1/ptm/bx/it' in size <7> not available
(Font)              Font shape `OT1/ptm/b/it' tried instead on input line 1090.

LaTeX Font Info:    Font shape `OT1/ptm/bx/n' in size <8> not available
(Font)              Font shape `OT1/ptm/b/n' tried instead on input line 1090.
LaTeX Font Info:    Font shape `OT1/ptm/bx/it' in size <8> not available
(Font)              Font shape `OT1/ptm/b/it' tried instead on input line 1090.

LaTeX Font Info:    Font shape `OT1/ptm/bx/n' in size <9> not available
(Font)              Font shape `OT1/ptm/b/n' tried instead on input line 1090.
LaTeX Font Info:    Font shape `OT1/ptm/bx/it' in size <9> not available
(Font)              Font shape `OT1/ptm/b/it' tried instead on input line 1090.

LaTeX Font Info:    Font shape `OT1/ptm/bx/n' in size <10> not available
(Font)              Font shape `OT1/ptm/b/n' tried instead on input line 1090.
LaTeX Font Info:    Font shape `OT1/ptm/bx/it' in size <10> not available
(Font)              Font shape `OT1/ptm/b/it' tried instead on input line 1090.

LaTeX Font Info:    Font shape `OT1/ptm/bx/n' in size <11> not available
(Font)              Font shape `OT1/ptm/b/n' tried instead on input line 1090.
LaTeX Font Info:    Font shape `OT1/ptm/bx/it' in size <11> not available
(Font)              Font shape `OT1/ptm/b/it' tried instead on input line 1090.

LaTeX Font Info:    Font shape `OT1/ptm/bx/n' in size <12> not available
(Font)              Font shape `OT1/ptm/b/n' tried instead on input line 1090.
LaTeX Font Info:    Font shape `OT1/ptm/bx/it' in size <12> not available
(Font)              Font shape `OT1/ptm/b/it' tried instead on input line 1090.

LaTeX Font Info:    Font shape `OT1/ptm/bx/n' in size <17> not available
(Font)              Font shape `OT1/ptm/b/n' tried instead on input line 1090.
LaTeX Font Info:    Font shape `OT1/ptm/bx/it' in size <17> not available
(Font)              Font shape `OT1/ptm/b/it' tried instead on input line 1090.

LaTeX Font Info:    Font shape `OT1/ptm/bx/n' in size <20> not available
(Font)              Font shape `OT1/ptm/b/n' tried instead on input line 1090.
LaTeX Font Info:    Font shape `OT1/ptm/bx/it' in size <20> not available
(Font)              Font shape `OT1/ptm/b/it' tried instead on input line 1090.

LaTeX Font Info:    Font shape `OT1/ptm/bx/n' in size <24> not available
(Font)              Font shape `OT1/ptm/b/n' tried instead on input line 1090.
LaTeX Font Info:    Font shape `OT1/ptm/bx/it' in size <24> not available
(Font)              Font shape `OT1/ptm/b/it' tried instead on input line 1090.

\IEEEquantizedlength=\dimen157
\IEEEquantizedlengthdiff=\dimen158
\IEEEquantizedtextheightdiff=\dimen159
\IEEEilabelindentA=\dimen160
\IEEEilabelindentB=\dimen161
\IEEEilabelindent=\dimen162
\IEEEelabelindent=\dimen163
\IEEEdlabelindent=\dimen164
\IEEElabelindent=\dimen165
\IEEEiednormlabelsep=\dimen166
\IEEEiedmathlabelsep=\dimen167
\IEEEiedtopsep=\skip49
\c@section=\count278
\c@subsection=\count279
\c@subsubsection=\count280
\c@paragraph=\count281
\c@IEEEsubequation=\count282
\abovecaptionskip=\skip50
\belowcaptionskip=\skip51
\c@figure=\count283
\c@table=\count284
\@IEEEeqnnumcols=\count285
\@IEEEeqncolcnt=\count286
\@IEEEsubeqnnumrollback=\count287
\@IEEEquantizeheightA=\dimen168
\@IEEEquantizeheightB=\dimen169
\@IEEEquantizeheightC=\dimen170
\@IEEEquantizeprevdepth=\dimen171
\@IEEEquantizemultiple=\count288
\@IEEEquantizeboxA=\box53
\@IEEEtmpitemindent=\dimen172
\IEEEPARstartletwidth=\dimen173
\c@IEEEbiography=\count289
\@IEEEtranrubishbin=\box54
) (c:/texlive/2026/texmf-dist/tex/latex/amsmath/amsmath.sty
Package: amsmath 2025/07/09 v2.17z AMS math features
\@mathmargin=\skip52

For additional information on amsmath, use the `?' option.
(c:/texlive/2026/texmf-dist/tex/latex/amsmath/amstext.sty
Package: amstext 2024/11/17 v2.01 AMS text

(c:/texlive/2026/texmf-dist/tex/latex/amsmath/amsgen.sty
File: amsgen.sty 1999/11/30 v2.0 generic functions
\@emptytoks=\toks18
\ex@=\dimen174
))
(c:/texlive/2026/texmf-dist/tex/latex/amsmath/amsbsy.sty
Package: amsbsy 1999/11/29 v1.2d Bold Symbols
\pmbraise@=\dimen175
)
(c:/texlive/2026/texmf-dist/tex/latex/amsmath/amsopn.sty
Package: amsopn 2022/04/08 v2.04 operator names
)
\inf@bad=\count290
LaTeX Info: Redefining \frac on input line 233.
\uproot@=\count291
\leftroot@=\count292
LaTeX Info: Redefining \overline on input line 398.
LaTeX Info: Redefining \colon on input line 409.
\classnum@=\count293
\DOTSCASE@=\count294
LaTeX Info: Redefining \ldots on input line 495.
LaTeX Info: Redefining \dots on input line 498.
LaTeX Info: Redefining \cdots on input line 619.
\Mathstrutbox@=\box55
\strutbox@=\box56
LaTeX Info: Redefining \big on input line 721.
LaTeX Info: Redefining \Big on input line 722.
LaTeX Info: Redefining \bigg on input line 723.
LaTeX Info: Redefining \Bigg on input line 724.
\big@size=\dimen176
LaTeX Font Info:    Redeclaring font encoding OML on input line 742.
LaTeX Font Info:    Redeclaring font encoding OMS on input line 743.
\macc@depth=\count295
LaTeX Info: Redefining \bmod on input line 904.
LaTeX Info: Redefining \pmod on input line 909.
LaTeX Info: Redefining \smash on input line 939.
LaTeX Info: Redefining \relbar on input line 969.
LaTeX Info: Redefining \Relbar on input line 970.
\c@MaxMatrixCols=\count296
\dotsspace@=\muskip17
\c@parentequation=\count297
\dspbrk@lvl=\count298
\tag@help=\toks19
\row@=\count299
\column@=\count300
\maxfields@=\count301
\andhelp@=\toks20
\eqnshift@=\dimen177
\alignsep@=\dimen178
\tagshift@=\dimen179
\tagwidth@=\dimen180
\totwidth@=\dimen181
\lineht@=\dimen182
\@envbody=\toks21
\multlinegap=\skip53
\multlinetaggap=\skip54
\mathdisplay@stack=\toks22
LaTeX Info: Redefining \[ on input line 2950.
LaTeX Info: Redefining \] on input line 2951.
)
(c:/texlive/2026/texmf-dist/tex/latex/amsfonts/amssymb.sty
Package: amssymb 2013/01/14 v3.01 AMS font symbols

(c:/texlive/2026/texmf-dist/tex/latex/amsfonts/amsfonts.sty
Package: amsfonts 2013/01/14 v3.01 Basic AMSFonts support
\symAMSa=\mathgroup4
\symAMSb=\mathgroup5
LaTeX Font Info:    Redeclaring math symbol \hbar on input line 98.
LaTeX Font Info:    Overwriting math alphabet `\mathfrak' in version `bold'
(Font)                  U/euf/m/n --> U/euf/b/n on input line 106.
))
(c:/texlive/2026/texmf-dist/tex/latex/graphics/graphicx.sty
Package: graphicx 2024/12/31 v1.2e Enhanced LaTeX Graphics (DPC,SPQR)

(c:/texlive/2026/texmf-dist/tex/latex/graphics/keyval.sty
Package: keyval 2022/05/29 v1.15 key=value parser (DPC)
\KV@toks@=\toks23
)
(c:/texlive/2026/texmf-dist/tex/latex/graphics/graphics.sty
Package: graphics 2024/08/06 v1.4g Standard LaTeX Graphics (DPC,SPQR)

(c:/texlive/2026/texmf-dist/tex/latex/graphics/trig.sty
Package: trig 2023/12/02 v1.11 sin cos tan (DPC)
)
(c:/texlive/2026/texmf-dist/tex/latex/graphics-cfg/graphics.cfg
File: graphics.cfg 2016/06/04 v1.11 sample graphics configuration
)
Package graphics Info: Driver file: pdftex.def on input line 106.

(c:/texlive/2026/texmf-dist/tex/latex/graphics-def/pdftex.def
File: pdftex.def 2025/09/29 v1.2d Graphics/color driver for pdftex
))
\Gin@req@height=\dimen183
\Gin@req@width=\dimen184
)
(c:/texlive/2026/texmf-dist/tex/latex/cite/cite.sty
LaTeX Info: Redefining \cite on input line 302.
LaTeX Info: Redefining \nocite on input line 332.
Package: cite 2015/02/27  v 5.5
)
(c:/texlive/2026/texmf-dist/tex/latex/algorithms/algorithm.sty
Package: algorithm 2009/08/24 v0.1 Document Style `algorithm' - floating enviro
nment

(c:/texlive/2026/texmf-dist/tex/latex/float/float.sty
Package: float 2001/11/08 v1.3d Float enhancements (AL)
\c@float@type=\count302
\float@exts=\toks24
\float@box=\box57
\@float@everytoks=\toks25
\@floatcapt=\box58
)
(c:/texlive/2026/texmf-dist/tex/latex/base/ifthen.sty
Package: ifthen 2024/03/16 v1.1e Standard LaTeX ifthen package (DPC)
)
\@float@every@algorithm=\toks26
\c@algorithm=\count303
)
(c:/texlive/2026/texmf-dist/tex/latex/algorithms/algorithmic.sty
Package: algorithmic 2009/08/24 v0.1 Document Style `algorithmic'
\c@ALC@unique=\count304
\c@ALC@line=\count305
\c@ALC@rem=\count306
\c@ALC@depth=\count307
\ALC@tlm=\skip55
\algorithmicindent=\skip56
)
(c:/texlive/2026/texmf-dist/tex/latex/tools/array.sty
Package: array 2025/09/25 v2.6n Tabular extension package (FMi)
\col@sep=\dimen185
\ar@mcellbox=\box59
\extrarowheight=\dimen186
\NC@list=\toks27
\extratabsurround=\skip57
\backup@length=\skip58
\ar@cellbox=\box60
)
(c:/texlive/2026/texmf-dist/tex/latex/booktabs/booktabs.sty
Package: booktabs 2020/01/12 v1.61803398 Publication quality tables
\heavyrulewidth=\dimen187
\lightrulewidth=\dimen188
\cmidrulewidth=\dimen189
\belowrulesep=\dimen190
\belowbottomsep=\dimen191
\aboverulesep=\dimen192
\abovetopsep=\dimen193
\cmidrulesep=\dimen194
\cmidrulekern=\dimen195
\defaultaddspace=\dimen196
\@cmidla=\count308
\@cmidlb=\count309
\@aboverulesep=\dimen197
\@belowrulesep=\dimen198
\@thisruleclass=\count310
\@lastruleclass=\count311
\@thisrulewidth=\dimen199
)
(c:/texlive/2026/texmf-dist/tex/latex/l3backend/l3backend-pdftex.def
File: l3backend-pdftex.def 2026-02-18 L3 backend support: PDF output (pdfTeX)
\l__color_backend_stack_int=\count312
)
(./main.aux)
\openout1 = `main.aux'.

LaTeX Font Info:    Checking defaults for OML/cmm/m/it on input line 34.
LaTeX Font Info:    ... okay on input line 34.
LaTeX Font Info:    Checking defaults for OMS/cmsy/m/n on input line 34.
LaTeX Font Info:    ... okay on input line 34.
LaTeX Font Info:    Checking defaults for OT1/cmr/m/n on input line 34.
LaTeX Font Info:    ... okay on input line 34.
LaTeX Font Info:    Checking defaults for T1/cmr/m/n on input line 34.
LaTeX Font Info:    ... okay on input line 34.
LaTeX Font Info:    Checking defaults for TS1/cmr/m/n on input line 34.
LaTeX Font Info:    ... okay on input line 34.
LaTeX Font Info:    Checking defaults for OMX/cmex/m/n on input line 34.
LaTeX Font Info:    ... okay on input line 34.
LaTeX Font Info:    Checking defaults for U/cmr/m/n on input line 34.
LaTeX Font Info:    ... okay on input line 34.

-- Lines per column: 56 (exact).
(c:/texlive/2026/texmf-dist/tex/context/base/mkii/supp-pdf.mkii
[Loading MPS to PDF converter (version 2006.09.02).]
\scratchcounter=\count313
\scratchdimen=\dimen256
\scratchbox=\box61
\nofMPsegments=\count314
\nofMParguments=\count315
\everyMPshowfont=\toks28
\MPscratchCnt=\count316
\MPscratchDim=\dimen257
\MPnumerator=\count317
\makeMPintoPDFobject=\count318
\everyMPtoPDFconversion=\toks29
) (c:/texlive/2026/texmf-dist/tex/latex/epstopdf-pkg/epstopdf-base.sty
Package: epstopdf-base 2020-01-24 v2.11 Base part for package epstopdf
Package epstopdf-base Info: Redefining graphics rule for `.eps' on input line 4
85.

(c:/texlive/2026/texmf-dist/tex/latex/latexconfig/epstopdf-sys.cfg
File: epstopdf-sys.cfg 2010/07/13 v1.3 Configuration of (r)epstopdf for TeX Liv
e
))
LaTeX Font Info:    Calculating math sizes for size <11> on input line 36.
LaTeX Font Info:    Trying to load font information for U+msa on input line 36.


(c:/texlive/2026/texmf-dist/tex/latex/amsfonts/umsa.fd
File: umsa.fd 2013/01/14 v3.01 AMS symbols A
)
LaTeX Font Info:    Trying to load font information for U+msb on input line 36.


(c:/texlive/2026/texmf-dist/tex/latex/amsfonts/umsb.fd
File: umsb.fd 2013/01/14 v3.01 AMS symbols B
)

LaTeX Warning: Citation `tange2020' on page 1 undefined on input line 50.


LaTeX Warning: Citation `farooq2023' on page 1 undefined on input line 56.


LaTeX Warning: Citation `jin2024' on page 1 undefined on input line 62.


LaTeX Warning: Citation `kashani2023' on page 1 undefined on input line 72.


LaTeX Warning: Citation `chen2024lb' on page 1 undefined on input line 72.


LaTeX Warning: Citation `mirani2022' on page 1 undefined on input line 76.


LaTeX Warning: Citation `peng2022' on page 1 undefined on input line 84.


LaTeX Warning: Citation `costan2016' on page 1 undefined on input line 95.


LaTeX Warning: Citation `paillier1999' on page 1 undefined on input line 96.

[1{c:/texlive/2026/texmf-var/fonts/map/pdftex/updmap/pdftex.map}{c:/texlive/202
6/texmf-dist/fonts/enc/dvips/base/8r.enc}


]

LaTeX Warning: Citation `kashani2020' on page 2 undefined on input line 120.


LaTeX Warning: Citation `vijarania2025' on page 2 undefined on input line 120.


LaTeX Warning: Citation `nemati2024' on page 2 undefined on input line 120.


LaTeX Warning: Citation `tripathy2026' on page 2 undefined on input line 124.


LaTeX Warning: Citation `kaur2021' on page 2 undefined on input line 124.


Underfull \hbox (badness 1460) in paragraph at lines 124--125
 \OT1/ptm/m/it/10 1) Optimisation-Based Ap-proaches: [][] \OT1/ptm/m/n/10 Early
 optimisation-
 []


LaTeX Warning: Citation `ebrahim2023b' on page 2 undefined on input line 126.


LaTeX Warning: Citation `ahmed2024' on page 2 undefined on input line 126.


LaTeX Warning: Citation `alshafei2023' on page 2 undefined on input line 126.


LaTeX Warning: Citation `ebrahim2023a' on page 2 undefined on input line 130.


LaTeX Warning: Citation `ebrahim2025' on page 2 undefined on input line 130.


Underfull \hbox (badness 1874) in paragraph at lines 130--131
 \OT1/ptm/m/it/10 2) Re-in-force-ment Learn-ing Ap-proaches: [][] \OT1/ptm/m/n/
10 Re-in-force-ment
 []


LaTeX Warning: Citation `kashani2020' on page 2 undefined on input line 134.


LaTeX Warning: Citation `vijarania2025' on page 2 undefined on input line 134.

[2]

LaTeX Warning: Citation `kirti2024' on page 3 undefined on input line 140.


LaTeX Warning: Citation `liu2024' on page 3 undefined on input line 144.


LaTeX Warning: Citation `rajab2021' on page 3 undefined on input line 144.


Underfull \hbox (badness 10000) in paragraph at lines 144--145
 \OT1/ptm/m/it/10 1) Repli-ca-tion and Check-point-ing: [][] \OT1/ptm/m/n/10 Re
plication-based
 []


Underfull \hbox (badness 4940) in paragraph at lines 144--145
\OT1/ptm/m/n/10 ap-proaches have demon-strated re-li-a-bil-ity im-prove-ments;
 []


LaTeX Warning: Citation `ghasemi2024' on page 3 undefined on input line 148.


LaTeX Warning: Citation `merah2024' on page 3 undefined on input line 148.


LaTeX Warning: Citation `mohammadi2023' on page 3 undefined on input line 148.


LaTeX Warning: Citation `demers1988epidemic' on page 3 undefined on input line 
152.


LaTeX Warning: Citation `naha2021' on page 3 undefined on input line 152.


LaTeX Warning: Citation `wang2022' on page 3 undefined on input line 162.


LaTeX Warning: Citation `shang2023' on page 3 undefined on input line 162.


LaTeX Warning: Citation `fesdao2025' on page 3 undefined on input line 162.


LaTeX Warning: Citation `januszewicz2025' on page 3 undefined on input line 164
.


Underfull \hbox (badness 5133) in paragraph at lines 164--165
[]\OT1/ptm/m/n/10 The MOZAIK plat-form demon-strated an end-to-end
 []


LaTeX Warning: Citation `qin2022' on page 3 undefined on input line 168.

[3]

LaTeX Warning: Citation `nemati2024' on page 4 undefined on input line 170.


LaTeX Warning: Citation `kumar2023' on page 4 undefined on input line 170.


LaTeX Warning: File `overall_diagram.png' not found on input line 177.


! Package pdftex.def Error: File `overall_diagram.png' not found: using draft s
etting.

See the pdftex.def package documentation for explanation.
Type  H <return>  for immediate help.
 ...                                              
                                                  
l.177 ...width=0.9\linewidth]{overall_diagram.png}
                                                  
? 
LaTeX Font Info:    Trying to load font information for OT1+pcr on input line 1
77.
(c:/texlive/2026/texmf-dist/tex/latex/psnfss/ot1pcr.fd
File: ot1pcr.fd 2001/06/04 font definitions for OT1/pcr.
)
Underfull \hbox (badness 2753) in paragraph at lines 188--189
\OT1/ptm/m/n/10 load sta-tus through gos-sip ev-ery $\OML/cmm/m/it/10 T[] \OT1/
cmr/m/n/10 = 500 \OML/cmm/m/it/10 ms$\OT1/ptm/m/n/10 .
 []


Underfull \hbox (badness 2318) in paragraph at lines 188--189
\OT1/ptm/m/n/10 Del-e-ga-tion is checked per in-com-ing read-ing us-ing
 []

[4]

LaTeX Warning: File `flow_diagram.pdf' not found on input line 290.


! Package pdftex.def Error: File `flow_diagram.pdf' not found: using draft sett
ing.

See the pdftex.def package documentation for explanation.
Type  H <return>  for immediate help.
 ...                                              
                                                  
l.290 ...cs[width=1.0\linewidth]{flow_diagram.pdf}
                                                  
? 

Underfull \hbox (badness 1454) in paragraph at lines 299--300
\OT1/ptm/m/n/10 cause the tar-get ag-gre-ga-tion functions---sum, mean, and
 []

[5] [6]
Underfull \hbox (badness 1584) in paragraph at lines 544--545
\OML/cmm/m/it/10 k[]$\OT1/ptm/m/n/10 , Pail-lier pub-lic key $\OML/cmm/m/it/10 
pk[]$\OT1/ptm/m/n/10 , ag-gre-ga-tion win-dow
 []


Underfull \hbox (badness 10000) in paragraph at lines 545--546
[] []\OT1/ptm/m/n/10 Latest gos-sip ta-bles con-tain-ing
 []


Underfull \hbox (badness 10000) in paragraph at lines 545--546
\OML/cmm/m/it/10 LastKnownWorkload$\OT1/ptm/m/n/10 , $\OML/cmm/m/it/10 LastKnow
nQueue$\OT1/ptm/m/n/10 ,
 []


Underfull \hbox (badness 10000) in paragraph at lines 546--547
[] []\OT1/ptm/m/n/10 Updated per-fog Pail-lier ag-gre-gates
 []

LaTeX Font Info:    Trying to load font information for OMS+ptm on input line 5
60.
(c:/texlive/2026/texmf-dist/tex/latex/psnfss/omsptm.fd
File: omsptm.fd 
)
LaTeX Font Info:    Font shape `OMS/ptm/m/n' in size <10> not available
(Font)              Font shape `OMS/cmsy/m/n' tried instead on input line 560.

Underfull \hbox (badness 10000) in paragraph at lines 577--578
[] []\OT1/ptm/m/n/10 KMM pro-vi-sions $\OML/cmm/m/it/10 sealed[]kFogA\OT1/cmr/m
/n/10 @\OML/cmm/m/it/10 F[]$ \OT1/ptm/m/n/10 to
 []


Overfull \hbox (3.27977pt too wide) in paragraph at lines 580--581
[] []$\OML/cmm/m/it/10 k[] \OT1/cmr/m/n/10 = \OML/cmm/m/it/10 Unseal\OT1/cmr/m/
n/10 (\OML/cmm/m/it/10 sealed[]kFogA\OT1/cmr/m/n/10 @\OML/cmm/m/it/10 F[]; ek[]
\OT1/cmr/m/n/10 )$
 []


Underfull \hbox (badness 10000) in paragraph at lines 539--594
\OT1/ptm/m/n/10 the same per-reading KMM-provisioned re-as-sign-ment
 []


Underfull \hbox (badness 10000) in paragraph at lines 539--594
\OT1/ptm/m/n/10 in-fras-truc-ture. Load bal-anc-ing is trig-gered when
 []

[7]
Underfull \hbox (badness 10000) in paragraph at lines 602--603
[] []\OT1/ptm/m/n/10 Each fog node gos-sips
 []


Underfull \hbox (badness 10000) in paragraph at lines 602--603
\OMS/cmsy/m/n/10 f\OML/cmm/m/it/10 workload; queue; latency; ^^^; timestamp\OMS
/cmsy/m/n/10 g$ \OT1/ptm/m/n/10 ev-ery
 []


Underfull \hbox (badness 10000) in paragraph at lines 603--604
[] []\OT1/ptm/m/n/10 Update $\OML/cmm/m/it/10 LastKnownWorkload$\OT1/ptm/m/n/10
 , $\OML/cmm/m/it/10 LastKnownQueue$\OT1/ptm/m/n/10 ,
 []


Overfull \hbox (24.1467pt too wide) in paragraph at lines 617--618
[] []$\OML/cmm/m/it/10 F[] \OMS/cmsy/m/n/10   [] [][] \OML/cmm/m/it/10 LastKnow
nCapacityScore[]\OT1/cmr/m/n/10 (\OML/cmm/m/it/10 F[]\OT1/cmr/m/n/10 )$ 
 []


Underfull \hbox (badness 10000) in paragraph at lines 619--620
[] []\OT1/ptm/m/n/10 KMM pro-vi-sions $\OML/cmm/m/it/10 sealed[]kFogA\OT1/cmr/m
/n/10 @\OML/cmm/m/it/10 F[]$ \OT1/ptm/m/n/10 to
 []


Overfull \hbox (1.32132pt too wide) in paragraph at lines 624--625
[] []$\OML/cmm/m/it/10 F[] \OMS/cmsy/m/n/10   [] [][] \OML/cmm/m/it/10 LocalGos
sipCapScore\OT1/cmr/m/n/10 (\OML/cmm/m/it/10 F[]\OT1/cmr/m/n/10 )$ 
 []


Underfull \hbox (badness 10000) in paragraph at lines 626--627
[] []\OT1/ptm/m/n/10 KMM pro-vi-sions $\OML/cmm/m/it/10 sealed[]kFogA\OT1/cmr/m
/n/10 @\OML/cmm/m/it/10 F[]$ \OT1/ptm/m/n/10 to
 []

[8] [9]
Overfull \hbox (47.28363pt too wide) detected at line 774
[]\OT1/cmr/m/n/10 (\OML/cmm/m/it/10 w[]; w[]; w[]; w[]\OT1/cmr/m/n/10 ) = []
 []


Underfull \hbox (badness 10000) in paragraph at lines 776--777
[]\OT1/ptm/m/n/10 S5 uses the same first three score com-po-nents
 []


Underfull \hbox (badness 10000) in paragraph at lines 776--777
\OT1/ptm/m/n/10 but omits the com-pat-i-bil-ity term. Its task-adaptive
 []


Underfull \hbox (badness 3118) in paragraph at lines 776--777
\OT1/ptm/m/n/10 weights are $\OT1/cmr/m/n/10 (\OML/cmm/m/it/10 w[]; w[]; w[]\OT
1/cmr/m/n/10 ) = (0\OML/cmm/m/it/10 :\OT1/cmr/m/n/10 15\OML/cmm/m/it/10 ; \OT1/
cmr/m/n/10 0\OML/cmm/m/it/10 :\OT1/cmr/m/n/10 45\OML/cmm/m/it/10 ; \OT1/cmr/m/n
/10 0\OML/cmm/m/it/10 :\OT1/cmr/m/n/10 15)$ \OT1/ptm/m/n/10 for LS
 []


Underfull \hbox (badness 4913) in paragraph at lines 776--777
\OT1/ptm/m/n/10 and $\OT1/cmr/m/n/10 (0\OML/cmm/m/it/10 :\OT1/cmr/m/n/10 40\OML
/cmm/m/it/10 ; \OT1/cmr/m/n/10 0\OML/cmm/m/it/10 :\OT1/cmr/m/n/10 10\OML/cmm/m/
it/10 ; \OT1/cmr/m/n/10 0\OML/cmm/m/it/10 :\OT1/cmr/m/n/10 30)$ \OT1/ptm/m/n/10
 for HP. S4 uses fixed weights
 []


Underfull \hbox (badness 3108) in paragraph at lines 780--781
\OT1/ptm/m/n/10 match-ing the gos-sip in-ter-val $\OML/cmm/m/it/10 T[]$ \OT1/pt
m/m/n/10 but re-main-ing op-er-a-
 []

[10]

LaTeX Warning: Citation `abdelbasset2019fault' on page 11 undefined on input li
ne 785.


LaTeX Warning: Citation `goswami2004checkpoint' on page 11 undefined on input l
ine 813.


LaTeX Warning: Citation `demers1988epidemic' on page 11 undefined on input line
 815.

[11]
Underfull \hbox (badness 2503) in paragraph at lines 858--859
[]\OT1/ptm/b/n/10 Setup and base-lines. \OT1/ptm/m/n/10 For each sen-sor count 
$\OML/cmm/m/it/10 n \OMS/cmsy/m/n/10 2
 []

<figures/exp1_storage.pdf, id=56, 502.1101pt x 177.3241pt>
File: figures/exp1_storage.pdf Graphic file (type pdf)
<use figures/exp1_storage.pdf>
Package pdftex.def Info: figures/exp1_storage.pdf  used on input line 866.
(pdftex.def)             Requested size: 252.0pt x 88.99733pt.

Underfull \hbox (badness 1789) in paragraph at lines 876--877
\OT1/ptm/m/n/10 Pail-lier stages of the pro-posed path use the cal-i-brated
 []

[12 <./figures/exp1_storage.pdf>]
<figures/exp2_latency.pdf, id=142, 502.8608pt x 184.40656pt>
File: figures/exp2_latency.pdf Graphic file (type pdf)
<use figures/exp2_latency.pdf>
Package pdftex.def Info: figures/exp2_latency.pdf  used on input line 884.
(pdftex.def)             Requested size: 252.0pt x 92.41127pt.
<figures/exp3a_correctness.pdf, id=143, 234.44527pt x 156.86743pt>
File: figures/exp3a_correctness.pdf Graphic file (type pdf)
<use figures/exp3a_correctness.pdf>
Package pdftex.def Info: figures/exp3a_correctness.pdf  used on input line 906.

(pdftex.def)             Requested size: 252.0pt x 168.61722pt.
<figures/exp4_kmm_combine.pdf, id=144, 234.43459pt x 156.86743pt>
File: figures/exp4_kmm_combine.pdf Graphic file (type pdf)
<use figures/exp4_kmm_combine.pdf>
Package pdftex.def Info: figures/exp4_kmm_combine.pdf  used on input line 924.
(pdftex.def)             Requested size: 252.0pt x 168.62918pt.
 [13 <./figures/exp2_latency.pdf> <./figures/exp3a_correctness.pdf>] [14 <./fig
ures/exp4_kmm_combine.pdf>]
<figures/e5_figA_delegation_quality.png, id=352, 1294.1148pt x 359.1819pt>
File: figures/e5_figA_delegation_quality.png Graphic file (type png)
<use figures/e5_figA_delegation_quality.png>
Package pdftex.def Info: figures/e5_figA_delegation_quality.png  used on input 
line 977.
(pdftex.def)             Requested size: 252.0pt x 69.93878pt.
<figures/e5_figB_resource_util_std.png, id=354, 642.4803pt x 424.4658pt>
File: figures/e5_figB_resource_util_std.png Graphic file (type png)
<use figures/e5_figB_resource_util_std.png>
Package pdftex.def Info: figures/e5_figB_resource_util_std.png  used on input l
ine 984.
(pdftex.def)             Requested size: 226.79846pt x 149.8347pt.
<figures/e5_figC_sigma_bw_timeseries.png, id=355, 1292.9103pt x 353.6412pt>
File: figures/e5_figC_sigma_bw_timeseries.png Graphic file (type png)
<use figures/e5_figC_sigma_bw_timeseries.png>
Package pdftex.def Info: figures/e5_figC_sigma_bw_timeseries.png  used on input
 line 991.
(pdftex.def)             Requested size: 252.0pt x 68.92467pt.
<figures/e5_figD_ttotal_boxplots.png, id=356, 1003.5894pt x 427.3566pt>
File: figures/e5_figD_ttotal_boxplots.png Graphic file (type png)
<use figures/e5_figD_ttotal_boxplots.png>
Package pdftex.def Info: figures/e5_figD_ttotal_boxplots.png  used on input lin
e 998.
(pdftex.def)             Requested size: 252.0pt x 107.30838pt.
<figures/e5_figE_node_scatter_w8.png, id=357, 714.7503pt x 424.9476pt>
File: figures/e5_figE_node_scatter_w8.png Graphic file (type png)
<use figures/e5_figE_node_scatter_w8.png>
Package pdftex.def Info: figures/e5_figE_node_scatter_w8.png  used on input lin
e 1005.
(pdftex.def)             Requested size: 226.79846pt x 134.8383pt.
<figures/e5_figF_phase_deadline.png, id=358, 1003.8303pt x 426.393pt>
File: figures/e5_figF_phase_deadline.png Graphic file (type png)
<use figures/e5_figF_phase_deadline.png>
Package pdftex.def Info: figures/e5_figF_phase_deadline.png  used on input line
 1012.
(pdftex.def)             Requested size: 252.0pt x 107.0404pt.


LaTeX Warning: Citation `liu2024replica' on page 15 undefined on input line 102
4.


LaTeX Warning: Citation `shahab2025sfc' on page 15 undefined on input line 1024
.


LaTeX Warning: Citation `lee2022multilayer' on page 15 undefined on input line 
1024.


LaTeX Warning: Citation `mohammadi2023fsiot' on page 15 undefined on input line
 1024.

[15 <./figures/e5_figA_delegation_quality.png> <./figures/e5_figB_resource_util
_std.png> <./figures/e5_figC_sigma_bw_timeseries.png> <./figures/e5_figD_ttotal
_boxplots.png> <./figures/e5_figE_node_scatter_w8.png> <./figures/e5_figF_phase
_deadline.png>]
Underfull \hbox (badness 10000) in paragraph at lines 1034--1034
[]|\OT1/ptm/m/n/8 Direct gossip-only
 []


Underfull \hbox (badness 6380) in paragraph at lines 1034--1035
[]|\OT1/ptm/m/n/8 Failure de-tected af-ter $\OML/cmm/m/it/8 rT[] \OT1/cmr/m/n/8
 =
 []


LaTeX Warning: Citation `liu2024replica' on page 16 undefined on input line 103
5.


Underfull \hbox (badness 10000) in paragraph at lines 1035--1035
[]|\OT1/ptm/m/n/8 Replica-based fog
 []


LaTeX Warning: Citation `shahab2025sfc' on page 16 undefined on input line 1036
.


Underfull \hbox (badness 10000) in paragraph at lines 1036--1036
[]|\OT1/ptm/m/n/8 Checkpoint/recovery
 []


LaTeX Warning: Citation `lee2022multilayer' on page 16 undefined on input line 
1037.


Underfull \hbox (badness 10000) in paragraph at lines 1037--1037
[]|\OT1/ptm/m/n/8 Multilayer live-ness
 []


LaTeX Warning: Citation `mohammadi2023fsiot' on page 16 undefined on input line
 1038.


Underfull \hbox (badness 10000) in paragraph at lines 1038--1038
[]|\OT1/ptm/m/n/8 Fog-clustering fault
 []


Overfull \hbox (3.23877pt too wide) in paragraph at lines 1030--1041
 [][] 
 []


Underfull \hbox (badness 10000) in paragraph at lines 1043--1044
[]\OT1/ptm/m/n/10 The pro-posed method uses sen-sor ACK time-out
 []


Underfull \hbox (badness 10000) in paragraph at lines 1043--1044
\OML/cmm/m/it/10 T[][]\OT1/cmr/m/n/10 100 []$ \OT1/ptm/m/n/10 fol-lowed by KMM 
key pro-vi-sion-ing
 []


Underfull \hbox (badness 1817) in paragraph at lines 1043--1044
\OML/cmm/m/it/10 T[][]\OT1/cmr/m/n/10 50 []$\OT1/ptm/m/n/10 , yield-ing a mod-e
led re-cov-ery la-tency of
 []


Underfull \hbox (badness 2846) in paragraph at lines 1043--1044
\OT1/ptm/m/n/10 failure-timing model and should not be in-ter-preted as
 []

<figures/exp6_data_loss.pdf, id=368, 502.49355pt x 208.4258pt>
File: figures/exp6_data_loss.pdf Graphic file (type pdf)
<use figures/exp6_data_loss.pdf>
Package pdftex.def Info: figures/exp6_data_loss.pdf  used on input line 1051.
(pdftex.def)             Requested size: 252.0pt x 104.5243pt.
<figures/exp6_tradeoff.pdf, id=369, 278.0491pt x 187.1493pt>
File: figures/exp6_tradeoff.pdf Graphic file (type pdf)
<use figures/exp6_tradeoff.pdf>
Package pdftex.def Info: figures/exp6_tradeoff.pdf  used on input line 1058.
(pdftex.def)             Requested size: 252.0pt x 169.61505pt.
[16 <./figures/exp6_data_loss.pdf> <./figures/exp6_tradeoff.pdf>]
Underfull \hbox (badness 5878) in paragraph at lines 1068--1069
\OT1/ptm/m/n/10 ware AES-NI), Pail-lier en-cryp-tion per slot (3.8 ms,
 []

<figures/exp7_pipeline.pdf, id=504, 502.55629pt x 185.46129pt>
File: figures/exp7_pipeline.pdf Graphic file (type pdf)
<use figures/exp7_pipeline.pdf>
Package pdftex.def Info: figures/exp7_pipeline.pdf  used on input line 1076.
(pdftex.def)             Requested size: 252.0pt x 92.99641pt.
<figures/exp8_blast_radius.pdf, id=505, 270.58025pt x 173.26895pt>
File: figures/exp8_blast_radius.pdf Graphic file (type pdf)
<use figures/exp8_blast_radius.pdf>
Package pdftex.def Info: figures/exp8_blast_radius.pdf  used on input line 1094
.
(pdftex.def)             Requested size: 252.0pt x 161.37111pt.
[17 <./figures/exp7_pipeline.pdf>] [18 <./figures/exp8_blast_radius.pdf>]
No file main.bbl.

** Conference Paper **
Before submitting the final camera ready copy, remember to:

 1. Manually equalize the lengths of two columns on the last page
 of your paper;

 2. Ensure that any PostScript and/or PDF output post-processing
 uses only Type 1 fonts and that every step in the generation
 process uses the appropriate paper size.

[19

] (./main.aux)
 ***********
LaTeX2e <2025-11-01>
L3 programming layer <2026-03-20>
 ***********


LaTeX Warning: There were undefined references.


LaTeX Warning: Label(s) may have changed. Rerun to get cross-references right.

 ) 
Here is how much of TeX's memory you used:
 4301 strings out of 467349
 70311 string characters out of 5419862
 513187 words of memory out of 5000000
 33341 multiletter control sequences out of 15000+600000
 672421 words of font info for 130 fonts, out of 8000000 for 9000
 1141 hyphenation exceptions out of 8191
 57i,14n,65p,1812b,607s stack positions out of 10000i,1000n,20000p,200000b,200000s
<c:/texlive/2026/texmf-dist/fonts/type1/public/amsfonts/cm/cmex10.pfb><c:/tex
live/2026/texmf-dist/fonts/type1/public/amsfonts/cm/cmmi10.pfb><c:/texlive/2026
/texmf-dist/fonts/type1/public/amsfonts/cm/cmmi5.pfb><c:/texlive/2026/texmf-dis
t/fonts/type1/public/amsfonts/cm/cmmi6.pfb><c:/texlive/2026/texmf-dist/fonts/ty
pe1/public/amsfonts/cm/cmmi7.pfb><c:/texlive/2026/texmf-dist/fonts/type1/public
/amsfonts/cm/cmmi8.pfb><c:/texlive/2026/texmf-dist/fonts/type1/public/amsfonts/
cm/cmr10.pfb><c:/texlive/2026/texmf-dist/fonts/type1/public/amsfonts/cm/cmr5.pf
b><c:/texlive/2026/texmf-dist/fonts/type1/public/amsfonts/cm/cmr6.pfb><c:/texli
ve/2026/texmf-dist/fonts/type1/public/amsfonts/cm/cmr7.pfb><c:/texlive/2026/tex
mf-dist/fonts/type1/public/amsfonts/cm/cmr8.pfb><c:/texlive/2026/texmf-dist/fon
ts/type1/public/amsfonts/cm/cmsy10.pfb><c:/texlive/2026/texmf-dist/fonts/type1/
public/amsfonts/cm/cmsy7.pfb><c:/texlive/2026/texmf-dist/fonts/type1/public/ams
fonts/cm/cmsy8.pfb><c:/texlive/2026/texmf-dist/fonts/type1/public/amsfonts/symb
ols/msbm10.pfb><c:/texlive/2026/texmf-dist/fonts/type1/urw/courier/ucrr8a.pfb><
c:/texlive/2026/texmf-dist/fonts/type1/urw/times/utmb8a.pfb><c:/texlive/2026/te
xmf-dist/fonts/type1/urw/times/utmbi8a.pfb><c:/texlive/2026/texmf-dist/fonts/ty
pe1/urw/times/utmr8a.pfb><c:/texlive/2026/texmf-dist/fonts/type1/urw/times/utmr
i8a.pfb>
Output written on main.pdf (19 pages, 3545207 bytes).
PDF statistics:
 723 PDF objects out of 1000 (max. 8388607)
 182 compressed objects within 2 object streams
 0 named destinations out of 1000 (max. 500000)
 71 words of extra memory for PDF output out of 10000 (max. 10000000)

